 =======================================================================================================================
       _/     _/                _/     _/            _/     _/
      _/     _/            _/  _/|  _/_/            _/     _/  _/  _/        UniMoVib:          A unified interface for
     _/     _/   _/_/_/       _/ |_/ _/   _/_/_/   _/     _/      _/           molecular harmonic vibrational frequency
    _/     _/  _/    _/  _/  _/  _/ _/  _/    _/  _/     _/  _/  _/_/_/        calculations.
   _/     _/  _/    _/  _/  _/     _/  _/    _/  _/    _/   _/  _/   _/
  _/     _/  _/    _/  _/  _/     _/  _/    _/   _/  _/    _/  _/   _/       Ver. 1.2.3, Jun 05, 2019
   _/_/_/   _/    _/  _/  _/     _/   _/_/_/     _/_/     _/  _/_/_/         https://github.com/zorkzou/UniMoVib
 =======================================================================================================================


 QC Program:      Gaussian
 UniMoVib file:   job.umv
 LOCALMODE file:  localmode.dat
 FCHK file:       freq.fchk


 Cartesian coordinates (Angstrom)
 ------------------------------------------------------------------------------------------
   No.   Atom    ZA                 X             Y             Z                Mass
 ------------------------------------------------------------------------------------------
     1    C       6            0.00000000    0.00000000    0.00000000           12.00000000
     2    H       1            0.63045000    0.63045000    0.63045000            1.00782504
     3    H       1           -0.63045000   -0.63045000    0.63045000            1.00782504
     4    H       1           -0.63045000    0.63045000   -0.63045000            1.00782504
     5    H       1            0.63045000   -0.63045000   -0.63045000            1.00782504
 ------------------------------------------------------------------------------------------


 <<< POINT GROUP SYMMETRY >>>
 Electronic Wavefunctions      :  Td  
 Nuclear & Total Wavefunctions :  Td  


 ************************************
 ***  Properties of Normal Modes  ***
 ************************************

 Results of vibrations:
 Normal frequencies (cm^-1), reduced masses (AMU), force constants (mDyn/A), IR intensities (km/mol)

                                                   1                                 2                                 3
          Irreps                                  T2                                T2                                T2
     Frequencies                           1356.2036                         1356.2036                         1356.2036
  Reduced masses                              1.1789                            1.1789                            1.1789
 Force constants                              1.2775                            1.2775                            1.2775
  IR intensities                             14.1008                           14.1008                           14.1008
        Atom  ZA               X         Y         Z             X         Y         Z             X         Y         Z
           1   6        -0.00003  -0.08819   0.08821      -0.00265   0.08819   0.08817      -0.12471  -0.00185  -0.00190
           2   1         0.00014   0.42698  -0.42713       0.33682  -0.10302  -0.10291       0.36423  -0.23062  -0.23039
           3   1        -0.32891   0.09793  -0.09804       0.00793  -0.43191  -0.42200       0.37131  -0.22355   0.24168
           4   1         0.32911   0.09805  -0.09817       0.00784  -0.42203  -0.43188       0.37113   0.24163  -0.22350
           5   1         0.00006   0.42710  -0.42700      -0.32105  -0.09314  -0.09303       0.37820   0.23456   0.23479

                                                   4                                 5                                 6
          Irreps                                   E                                 E                                A1
     Frequencies                           1578.5775                         1578.5775                         3046.4643
  Reduced masses                              1.0078                            1.0078                            1.0078
 Force constants                              1.4797                            1.4797                            5.5110
  IR intensities                              0.0000                            0.0000                            0.0000
        Atom  ZA               X         Y         Z             X         Y         Z             X         Y         Z
           1   6         0.00000   0.00000   0.00000       0.00000   0.00000   0.00000       0.00000   0.00000   0.00000
           2   1        -0.00000  -0.35355   0.35355      -0.40825   0.20412   0.20412       0.28868   0.28868   0.28868
           3   1         0.00000   0.35355   0.35355       0.40825  -0.20412   0.20412      -0.28868  -0.28868   0.28868
           4   1         0.00000  -0.35355  -0.35355       0.40825   0.20412  -0.20412      -0.28868   0.28868  -0.28868
           5   1        -0.00000   0.35355  -0.35355      -0.40825  -0.20412  -0.20412       0.28868  -0.28868  -0.28868

                                                   7                                 8                                 9
          Irreps                                  T2                                T2                                T2
     Frequencies                           3162.3285                         3162.3285                         3162.3285
  Reduced masses                              1.1018                            1.1018                            1.1018
 Force constants                              6.4916                            6.4916                            6.4916
  IR intensities                             25.3343                           25.3343                           25.3343
        Atom  ZA               X         Y         Z             X         Y         Z             X         Y         Z
           1   6        -0.09244   0.00076   0.00078      -0.00001   0.06538  -0.06536       0.00109   0.06536   0.06537
           2   1         0.27027   0.28861   0.28861       0.00000   0.01287  -0.01286      -0.41811  -0.40547  -0.40546
           3   1         0.27523   0.29357  -0.29326      -0.41485  -0.40199   0.40199      -0.00321   0.00944   0.01628
           4   1         0.27510  -0.29314   0.29344       0.41494  -0.40208   0.40208      -0.00329   0.01636   0.00936
           5   1         0.28006  -0.29810  -0.29809       0.00008   0.01278  -0.01295       0.41162  -0.39854  -0.39854

 Results of translations and rotations:

                                                   1                                 2                                 3
          Irreps                                  T2                                T2                                T2
     Frequencies                              0.0871                            0.0791                            0.0791
  Reduced masses                              3.2063                            3.2063                            3.2063
 Force constants                              0.0000                            0.0000                            0.0000
  IR intensities                              0.0000                            0.0000                            0.0000
        Atom  ZA               X         Y         Z             X         Y         Z             X         Y         Z
           1   6         0.44721   0.00000   0.00000       0.00000   0.44721   0.00000       0.00000   0.00000   0.44721
           2   1         0.44721   0.00000   0.00000       0.00000   0.44721   0.00000       0.00000   0.00000   0.44721
           3   1         0.44721   0.00000   0.00000       0.00000   0.44721   0.00000       0.00000   0.00000   0.44721
           4   1         0.44721   0.00000   0.00000       0.00000   0.44721   0.00000       0.00000   0.00000   0.44721
           5   1         0.44721   0.00000   0.00000       0.00000   0.44721   0.00000       0.00000   0.00000   0.44721

                                                   4                                 5                                 6
          Irreps                                  T1                                T1                                T1
     Frequencies                             28.8262                           28.8261                           28.8261
  Reduced masses                              1.0078                            1.0078                            1.0078
 Force constants                              0.0005                            0.0005                            0.0005
  IR intensities                              0.0000                            0.0000                            0.0000
        Atom  ZA               X         Y         Z             X         Y         Z             X         Y         Z
           1   6         0.00000   0.00000   0.00000       0.00000   0.00000   0.00000       0.00000   0.00000   0.00000
           2   1         0.00000  -0.35355   0.35355       0.35355   0.00000  -0.35355      -0.35355   0.35355   0.00000
           3   1         0.00000  -0.35355  -0.35355       0.35355   0.00000   0.35355       0.35355  -0.35355   0.00000
           4   1         0.00000   0.35355   0.35355      -0.35355   0.00000   0.35355      -0.35355  -0.35355   0.00000
           5   1         0.00000   0.35355  -0.35355      -0.35355   0.00000  -0.35355       0.35355   0.35355   0.00000


 *********************************************
 ***   Thermal Contributions to Energies   ***
 *********************************************

 Molecular mass            :        16.031300    AMU
 Electronic total energy   :         0.000000    Hartree
 Scale factor of Frequency :         1.000000
 Rotational symmetry number:        12
 The Td   point group is used to calculate rotational entropy.

 Principal axes and moments of inertia in atomic units:
                                     1                   2                   3
     Eigenvalues --                 11.443903           11.443903           11.443903
           X                         1.000000            0.000000            0.000000
           Y                         0.000000            1.000000            0.000000
           Z                         0.000000            0.000000            1.000000

 Rotational temperatures             7.568555            7.568555            7.568555    Kelvin
 Rot. constants A, B, C              5.260416            5.260416            5.260416    cm^-1
                                   157.703295          157.703295          157.703295    GHz


 #   1    Temperature =       298.15000 Kelvin         Pressure =         1.00000 Atm
 ====================================================================================

 Thermal correction energies                              Hartree            kcal/mol
 Zero-point Energy                          :            0.045015           28.247216
 Thermal correction to Energy               :            0.047881           30.045874
 Thermal correction to Enthalpy             :            0.048825           30.638360
 Thermal correction to Gibbs Free Energy    :            0.027695           17.378606
 ====================================================================================


 UniMoVib job terminated correctly, Sat Sep  7 16:27:19 2019
